// Jest Snapshot v1, https://goo.gl/fbAQLP

exports[`Category item display renders item display, then edit 1`] = `
<section>
  <p>
    name
  </p>
  <p>
    250
  </p>
  <button
    name="edit"
    onClick={[MockFunction]}
  >
    Edit
  </button>
  <button
    name="delete"
    onClick={[Function]}
  >
    Delete
  </button>
</section>
`;
